// Jest Snapshot v1, https://goo.gl/fbAQLP

exports[`renders correctly when inside 1`] = `
<TagAreaNameComponent
  tag={
    Object {
      "areaName": "inside",
      "state": "INSIDE",
    }
  }
>
  <small
    style={
      Object {
        "color": "#AAA",
      }
    }
  >
    inside
  </small>
</TagAreaNameComponent>
`;
