// Jest Snapshot v1, https://goo.gl/fbAQLP

exports[`renders correctly 1`] = `
<MapComponent
  fireteam={
    Object {
      "id": "ft1",
      "name": "Team Alpha",
      "tagId": "tA",
      "targetTagId": "tB",
    }
  }
  fireteamTag={
    Object {
      "coordinateSystemId": "coordId",
      "id": "tA",
      "position": Object {
        "x": 100,
        "y": 100,
      },
    }
  }
  floorPlan={
    Object {
      "base64content": "content",
      "bottomRight": Object {
        "x": 400,
        "y": 400,
      },
      "id": "coordId",
      "topLeft": Object {
        "x": 0,
        "y": 0,
      },
    }
  }
  targetTag={
    Object {
      "coordinateSystemId": "coordId",
      "id": "tB",
      "position": Object {
        "x": 200,
        "y": 200,
      },
    }
  }
>
  <div
    style={
      Object {
        "backgroundColor": "white",
        "height": "100%",
        "left": 0,
        "overflow": "hidden",
        "position": "relative",
        "top": 0,
        "zIndex": 0,
      }
    }
  >
    <TransformMatrix
      originX={0}
      originY={0}
      rotation={0}
      scale={1}
      translateX={0}
      translateY={0}
    >
      <div
        style={
          Object {
            "transform": "matrix(1,0,0,1,0,0)",
            "transformOrigin": "top left",
          }
        }
      >
        <TransformMatrix
          originX={0}
          originY={0}
          rotation={-2.356194490192345}
          scale={1}
          translateX={0}
          translateY={0}
        >
          <div
            style={
              Object {
                "transform": "matrix(-0.7071067811865475,-0.7071067811865476,0.7071067811865476,-0.7071067811865475,0,0)",
                "transformOrigin": "top left",
              }
            }
          >
            <TransformMatrix
              originX={0}
              originY={0}
              rotation={0}
              scale={1}
              translateX={-100}
              translateY={-100}
            >
              <div
                style={
                  Object {
                    "transform": "matrix(1,0,0,1,-100,-100)",
                    "transformOrigin": "top left",
                  }
                }
              >
                <img
                  onLoad={[Function]}
                  src="content"
                />
              </div>
            </TransformMatrix>
            <DotMarker
              color="red"
              x={0}
              y={0}
            >
              <Marker
                color="red"
                x={0}
                y={0}
              >
                <div
                  style={
                    Object {
                      "fontSize": 14,
                      "left": 0,
                      "lineHeight": 1.4,
                      "position": "absolute",
                      "top": 0,
                      "zIndex": 1,
                    }
                  }
                >
                  <div
                    style={
                      Object {
                        "backgroundColor": "red",
                        "border": "1px solid black",
                        "borderRadius": 15,
                        "cursor": "pointer",
                        "height": 30,
                        "left": -15,
                        "position": "relative",
                        "top": -15,
                        "width": 30,
                      }
                    }
                  />
                  <span />
                </div>
              </Marker>
            </DotMarker>
            <DotMarker
              color="blue"
              x={100}
              y={100}
            >
              <Marker
                color="blue"
                x={100}
                y={100}
              >
                <div
                  style={
                    Object {
                      "fontSize": 14,
                      "left": 100,
                      "lineHeight": 1.4,
                      "position": "absolute",
                      "top": 100,
                      "zIndex": 1,
                    }
                  }
                >
                  <div
                    style={
                      Object {
                        "backgroundColor": "blue",
                        "border": "1px solid black",
                        "borderRadius": 15,
                        "cursor": "pointer",
                        "height": 30,
                        "left": -15,
                        "position": "relative",
                        "top": -15,
                        "width": 30,
                      }
                    }
                  />
                  <span />
                </div>
              </Marker>
            </DotMarker>
          </div>
        </TransformMatrix>
      </div>
    </TransformMatrix>
  </div>
</MapComponent>
`;
